
 • Building package citar
From https://github.com/emacs-citar/citar
Updating /github/workspace/sources/citar/
Checking out 5efc5ac78f235cdaafe361758d03c7a51a015dd1
Copying files (->) and directories (=>)
  from /github/workspace/sources/citar/
  to /tmp/citar-okEKmA/citar-1.4.0.0.20260922.38/
    citar-cache.el -> citar-cache.el
    citar-capf.el -> citar-capf.el
    citar-citeproc.el -> citar-citeproc.el
    citar-file.el -> citar-file.el
    citar-format.el -> citar-format.el
    citar-latex.el -> citar-latex.el
    citar-markdown.el -> citar-markdown.el
    citar-org.el -> citar-org.el
    citar.el -> citar.el
Created citar-1.4.0.0.20260922.38.tar containing:
  citar-1.4.0.0.20260922.38/
  citar-1.4.0.0.20260922.38/citar-cache.el
  citar-1.4.0.0.20260922.38/citar-capf.el
  citar-1.4.0.0.20260922.38/citar-citeproc.el
  citar-1.4.0.0.20260922.38/citar-file.el
  citar-1.4.0.0.20260922.38/citar-format.el
  citar-1.4.0.0.20260922.38/citar-latex.el
  citar-1.4.0.0.20260922.38/citar-markdown.el
  citar-1.4.0.0.20260922.38/citar-org.el
  citar-1.4.0.0.20260922.38/citar-pkg.el
  citar-1.4.0.0.20260922.38/citar.el
Built citar in 1.006s, finished at 2026-09-26T07:47:00+0000
