
 • Building package clutch
From https://github.com/LuciusChen/clutch
Updating /github/workspace/sources/clutch/
Checking out 8aab4a9d8b74b2fce4bbd2e20c84518366f9148a
Copying files (->) and directories (=>)
  from /github/workspace/sources/clutch/
  to /tmp/clutch-kQwolL/clutch-0.5.3.0.20261003.10/
    clutch-backend.el -> clutch-backend.el
    clutch-connection.el -> clutch-connection.el
    clutch-db-jdbc.el -> clutch-db-jdbc.el
    clutch-db-mysql.el -> clutch-db-mysql.el
    clutch-db-pg.el -> clutch-db-pg.el
    clutch-db-sqlite.el -> clutch-db-sqlite.el
    clutch-diagnostics.el -> clutch-diagnostics.el
    clutch-document.el -> clutch-document.el
    clutch-edit.el -> clutch-edit.el
    clutch-mongodb.el -> clutch-mongodb.el
    clutch-object.el -> clutch-object.el
    clutch-query.el -> clutch-query.el
    clutch-redis.el -> clutch-redis.el
    clutch-result.el -> clutch-result.el
    clutch-schema.el -> clutch-schema.el
    clutch-sql.el -> clutch-sql.el
    clutch-ui.el -> clutch-ui.el
    clutch.el -> clutch.el
Created clutch-0.5.3.0.20261003.10.tar containing:
  clutch-0.5.3.0.20261003.10/
  clutch-0.5.3.0.20261003.10/clutch-backend.el
  clutch-0.5.3.0.20261003.10/clutch-connection.el
  clutch-0.5.3.0.20261003.10/clutch-db-jdbc.el
  clutch-0.5.3.0.20261003.10/clutch-db-mysql.el
  clutch-0.5.3.0.20261003.10/clutch-db-pg.el
  clutch-0.5.3.0.20261003.10/clutch-db-sqlite.el
  clutch-0.5.3.0.20261003.10/clutch-diagnostics.el
  clutch-0.5.3.0.20261003.10/clutch-document.el
  clutch-0.5.3.0.20261003.10/clutch-edit.el
  clutch-0.5.3.0.20261003.10/clutch-mongodb.el
  clutch-0.5.3.0.20261003.10/clutch-object.el
  clutch-0.5.3.0.20261003.10/clutch-pkg.el
  clutch-0.5.3.0.20261003.10/clutch-query.el
  clutch-0.5.3.0.20261003.10/clutch-redis.el
  clutch-0.5.3.0.20261003.10/clutch-result.el
  clutch-0.5.3.0.20261003.10/clutch-schema.el
  clutch-0.5.3.0.20261003.10/clutch-sql.el
  clutch-0.5.3.0.20261003.10/clutch-ui.el
  clutch-0.5.3.0.20261003.10/clutch.el
Built clutch in 1.766s, finished at 2026-10-03T08:12:22+0000
