
 • Building package consult
From https://github.com/minad/consult
Updating /github/workspace/sources/consult/
Checking out a64569f377b8bc0f62e1d2ae0f3ee48ba4a7cc1c
Copying files (->) and directories (=>)
  from /github/workspace/sources/consult/
  to /tmp/consult-gJPjnM/consult-3.10.0.20261004.2/
    consult-compile.el -> consult-compile.el
    consult-flymake.el -> consult-flymake.el
    consult-imenu.el -> consult-imenu.el
    consult-info.el -> consult-info.el
    consult-kmacro.el -> consult-kmacro.el
    consult-org.el -> consult-org.el
    consult-register.el -> consult-register.el
    consult-xref.el -> consult-xref.el
    consult.el -> consult.el
Created consult-3.10.0.20261004.2.tar containing:
  consult-3.10.0.20261004.2/
  consult-3.10.0.20261004.2/consult-compile.el
  consult-3.10.0.20261004.2/consult-flymake.el
  consult-3.10.0.20261004.2/consult-imenu.el
  consult-3.10.0.20261004.2/consult-info.el
  consult-3.10.0.20261004.2/consult-kmacro.el
  consult-3.10.0.20261004.2/consult-org.el
  consult-3.10.0.20261004.2/consult-pkg.el
  consult-3.10.0.20261004.2/consult-register.el
  consult-3.10.0.20261004.2/consult-xref.el
  consult-3.10.0.20261004.2/consult.el
Built consult in 0.587s, finished at 2026-10-10T08:33:52+0000
