
 • Building package corfu
From https://github.com/minad/corfu
Updating /github/workspace/sources/corfu/
Checking out 5869254349a035e16d656eb232a52cf0e163d531
Copying files (->) and directories (=>)
  from /github/workspace/sources/corfu/
  to /tmp/corfu-t9ekMn/corfu-2.15.0.20260905.2/
    corfu.el -> corfu.el
  ! extensions/corfu-auto.el -> corfu-auto.el
  ! extensions/corfu-echo.el -> corfu-echo.el
  ! extensions/corfu-history.el -> corfu-history.el
  ! extensions/corfu-indexed.el -> corfu-indexed.el
  ! extensions/corfu-info.el -> corfu-info.el
  ! extensions/corfu-mouse.el -> corfu-mouse.el
  ! extensions/corfu-popupinfo.el -> corfu-popupinfo.el
  ! extensions/corfu-quick.el -> corfu-quick.el
Created corfu-2.15.0.20260905.2.tar containing:
  corfu-2.15.0.20260905.2/
  corfu-2.15.0.20260905.2/corfu-auto.el
  corfu-2.15.0.20260905.2/corfu-echo.el
  corfu-2.15.0.20260905.2/corfu-history.el
  corfu-2.15.0.20260905.2/corfu-indexed.el
  corfu-2.15.0.20260905.2/corfu-info.el
  corfu-2.15.0.20260905.2/corfu-mouse.el
  corfu-2.15.0.20260905.2/corfu-pkg.el
  corfu-2.15.0.20260905.2/corfu-popupinfo.el
  corfu-2.15.0.20260905.2/corfu-quick.el
  corfu-2.15.0.20260905.2/corfu.el
Built corfu in 0.664s, finished at 2026-09-13T07:30:26+0000
