
 • Building package diff-hl
From https://github.com/dgutov/diff-hl
Updating /github/workspace/sources/diff-hl/
Checking out 8dfb5c27ea43b8c7ac1c008bb97090ad4f059285
Copying files (->) and directories (=>)
  from /github/workspace/sources/diff-hl/
  to /tmp/diff-hl-f8XxSb/diff-hl-1.10.0.0.20261001.203/
    diff-hl-amend.el -> diff-hl-amend.el
    diff-hl-dired.el -> diff-hl-dired.el
    diff-hl-flydiff.el -> diff-hl-flydiff.el
    diff-hl-margin.el -> diff-hl-margin.el
    diff-hl-show-hunk-inline.el -> diff-hl-show-hunk-inline.el
    diff-hl-show-hunk-posframe.el -> diff-hl-show-hunk-posframe.el
    diff-hl-show-hunk.el -> diff-hl-show-hunk.el
    diff-hl.el -> diff-hl.el
Created diff-hl-1.10.0.0.20261001.203.tar containing:
  diff-hl-1.10.0.0.20261001.203/
  diff-hl-1.10.0.0.20261001.203/diff-hl-amend.el
  diff-hl-1.10.0.0.20261001.203/diff-hl-dired.el
  diff-hl-1.10.0.0.20261001.203/diff-hl-flydiff.el
  diff-hl-1.10.0.0.20261001.203/diff-hl-margin.el
  diff-hl-1.10.0.0.20261001.203/diff-hl-pkg.el
  diff-hl-1.10.0.0.20261001.203/diff-hl-show-hunk-inline.el
  diff-hl-1.10.0.0.20261001.203/diff-hl-show-hunk-posframe.el
  diff-hl-1.10.0.0.20261001.203/diff-hl-show-hunk.el
  diff-hl-1.10.0.0.20261001.203/diff-hl.el
Built diff-hl in 0.582s, finished at 2026-10-10T08:34:00+0000
