
 • Building package lexdb
From https://github.com/LuciusChen/lexdb
Updating /github/workspace/sources/lexdb/
Checking out 40ce587fc6bbd3f0a3315c7820a4451ec0c85e54
Copying files (->) and directories (=>)
  from /github/workspace/sources/lexdb/
  to /tmp/lexdb-FYqvQ2/lexdb-0.1.0.0.20260915.169/
    lexdb-ldoce.el -> lexdb-ldoce.el
    lexdb-oald.el -> lexdb-oald.el
    lexdb-ode.el -> lexdb-ode.el
    lexdb-ui.el -> lexdb-ui.el
    lexdb.el -> lexdb.el
Created lexdb-0.1.0.0.20260915.169.tar containing:
  lexdb-0.1.0.0.20260915.169/
  lexdb-0.1.0.0.20260915.169/lexdb-ldoce.el
  lexdb-0.1.0.0.20260915.169/lexdb-oald.el
  lexdb-0.1.0.0.20260915.169/lexdb-ode.el
  lexdb-0.1.0.0.20260915.169/lexdb-pkg.el
  lexdb-0.1.0.0.20260915.169/lexdb-ui.el
  lexdb-0.1.0.0.20260915.169/lexdb.el
Built lexdb in 0.948s, finished at 2026-09-26T07:47:51+0000
