
 • Building package mastodon
From https://codeberg.org/martianh/mastodon.el
Updating /github/workspace/sources/mastodon/
Checking out fdc3890adf8a9eade52ba2f53c23f1dc48f21464
Copying files (->) and directories (=>)
  from /github/workspace/sources/mastodon/
  to /tmp/mastodon-xK3cuE/mastodon-2.1.6/
  ! lisp/mastodon-async.el -> mastodon-async.el
  ! lisp/mastodon-auth.el -> mastodon-auth.el
  ! lisp/mastodon-client.el -> mastodon-client.el
  ! lisp/mastodon-discover.el -> mastodon-discover.el
  ! lisp/mastodon-http.el -> mastodon-http.el
  ! lisp/mastodon-inspect.el -> mastodon-inspect.el
  ! lisp/mastodon-iso.el -> mastodon-iso.el
  ! lisp/mastodon-media.el -> mastodon-media.el
  ! lisp/mastodon-notifications.el -> mastodon-notifications.el
  ! lisp/mastodon-profile.el -> mastodon-profile.el
  ! lisp/mastodon-search.el -> mastodon-search.el
  ! lisp/mastodon-tl.el -> mastodon-tl.el
  ! lisp/mastodon-toot.el -> mastodon-toot.el
  ! lisp/mastodon-transient.el -> mastodon-transient.el
  ! lisp/mastodon-views.el -> mastodon-views.el
  ! lisp/mastodon-widget.el -> mastodon-widget.el
  ! lisp/mastodon.el -> mastodon.el
    dir -> dir
    mastodon.info -> mastodon.info
    mastodon.texi -> mastodon.texi
Generating mastodon.info
Created mastodon-2.1.6.tar containing:
  mastodon-2.1.6/
  mastodon-2.1.6/dir
  mastodon-2.1.6/mastodon-async.el
  mastodon-2.1.6/mastodon-auth.el
  mastodon-2.1.6/mastodon-client.el
  mastodon-2.1.6/mastodon-discover.el
  mastodon-2.1.6/mastodon-http.el
  mastodon-2.1.6/mastodon-inspect.el
  mastodon-2.1.6/mastodon-iso.el
  mastodon-2.1.6/mastodon-media.el
  mastodon-2.1.6/mastodon-notifications.el
  mastodon-2.1.6/mastodon-pkg.el
  mastodon-2.1.6/mastodon-profile.el
  mastodon-2.1.6/mastodon-search.el
  mastodon-2.1.6/mastodon-tl.el
  mastodon-2.1.6/mastodon-toot.el
  mastodon-2.1.6/mastodon-transient.el
  mastodon-2.1.6/mastodon-views.el
  mastodon-2.1.6/mastodon-widget.el
  mastodon-2.1.6/mastodon.el
  mastodon-2.1.6/mastodon.info
Built mastodon in 4.246s, finished at 2026-10-03T08:13:04+0000
