
 • Building package meow
From https://github.com/meow-edit/meow
Updating /github/workspace/sources/meow/
Checking out 8aebed9f8cd8d865501b780e63acbeef55da231b
Copying files (->) and directories (=>)
  from /github/workspace/sources/meow/
  to /tmp/meow-XIvxcc/meow-1.5.0.0.20260915.68/
    meow-beacon.el -> meow-beacon.el
    meow-cheatsheet-layout.el -> meow-cheatsheet-layout.el
    meow-cheatsheet.el -> meow-cheatsheet.el
    meow-command.el -> meow-command.el
    meow-core.el -> meow-core.el
    meow-esc.el -> meow-esc.el
    meow-face.el -> meow-face.el
    meow-helpers.el -> meow-helpers.el
    meow-keymap.el -> meow-keymap.el
    meow-keypad.el -> meow-keypad.el
    meow-shims.el -> meow-shims.el
    meow-thing.el -> meow-thing.el
    meow-tutor.el -> meow-tutor.el
    meow-util.el -> meow-util.el
    meow-var.el -> meow-var.el
    meow-visual.el -> meow-visual.el
    meow.el -> meow.el
Created meow-1.5.0.0.20260915.68.tar containing:
  meow-1.5.0.0.20260915.68/
  meow-1.5.0.0.20260915.68/meow-beacon.el
  meow-1.5.0.0.20260915.68/meow-cheatsheet-layout.el
  meow-1.5.0.0.20260915.68/meow-cheatsheet.el
  meow-1.5.0.0.20260915.68/meow-command.el
  meow-1.5.0.0.20260915.68/meow-core.el
  meow-1.5.0.0.20260915.68/meow-esc.el
  meow-1.5.0.0.20260915.68/meow-face.el
  meow-1.5.0.0.20260915.68/meow-helpers.el
  meow-1.5.0.0.20260915.68/meow-keymap.el
  meow-1.5.0.0.20260915.68/meow-keypad.el
  meow-1.5.0.0.20260915.68/meow-pkg.el
  meow-1.5.0.0.20260915.68/meow-shims.el
  meow-1.5.0.0.20260915.68/meow-thing.el
  meow-1.5.0.0.20260915.68/meow-tutor.el
  meow-1.5.0.0.20260915.68/meow-util.el
  meow-1.5.0.0.20260915.68/meow-var.el
  meow-1.5.0.0.20260915.68/meow-visual.el
  meow-1.5.0.0.20260915.68/meow.el
Built meow in 0.932s, finished at 2026-09-19T07:23:56+0000
