
 • Building package clutch
From https://github.com/LuciusChen/clutch
Checking out 50af0f7780ee37d9e7d14bcbb49a07b3153b449a
Copying files (->) and directories (=>)
  from /github/workspace/sources/clutch/
  to /tmp/clutch-RppNcD/clutch-0.5.3/
    clutch-backend.el -> clutch-backend.el
    clutch-connection.el -> clutch-connection.el
    clutch-db-jdbc.el -> clutch-db-jdbc.el
    clutch-db-mysql.el -> clutch-db-mysql.el
    clutch-db-pg.el -> clutch-db-pg.el
    clutch-db-sqlite.el -> clutch-db-sqlite.el
    clutch-diagnostics.el -> clutch-diagnostics.el
    clutch-document.el -> clutch-document.el
    clutch-edit.el -> clutch-edit.el
    clutch-mongodb.el -> clutch-mongodb.el
    clutch-object.el -> clutch-object.el
    clutch-query.el -> clutch-query.el
    clutch-redis.el -> clutch-redis.el
    clutch-result.el -> clutch-result.el
    clutch-schema.el -> clutch-schema.el
    clutch-sql.el -> clutch-sql.el
    clutch-ui.el -> clutch-ui.el
    clutch.el -> clutch.el
Created clutch-0.5.3.tar containing:
  clutch-0.5.3/
  clutch-0.5.3/clutch-backend.el
  clutch-0.5.3/clutch-connection.el
  clutch-0.5.3/clutch-db-jdbc.el
  clutch-0.5.3/clutch-db-mysql.el
  clutch-0.5.3/clutch-db-pg.el
  clutch-0.5.3/clutch-db-sqlite.el
  clutch-0.5.3/clutch-diagnostics.el
  clutch-0.5.3/clutch-document.el
  clutch-0.5.3/clutch-edit.el
  clutch-0.5.3/clutch-mongodb.el
  clutch-0.5.3/clutch-object.el
  clutch-0.5.3/clutch-pkg.el
  clutch-0.5.3/clutch-query.el
  clutch-0.5.3/clutch-redis.el
  clutch-0.5.3/clutch-result.el
  clutch-0.5.3/clutch-schema.el
  clutch-0.5.3/clutch-sql.el
  clutch-0.5.3/clutch-ui.el
  clutch-0.5.3/clutch.el
Built clutch in 0.128s, finished at 2026-10-03T08:13:37+0000
