
 • Building package consult
From https://github.com/minad/consult
Checking out 3c64214db5cd61a8f8186e4dce89c0e04be1652c
Copying files (->) and directories (=>)
  from /github/workspace/sources/consult/
  to /tmp/consult-TmqvEr/consult-3.10/
    consult-compile.el -> consult-compile.el
    consult-flymake.el -> consult-flymake.el
    consult-imenu.el -> consult-imenu.el
    consult-info.el -> consult-info.el
    consult-kmacro.el -> consult-kmacro.el
    consult-org.el -> consult-org.el
    consult-register.el -> consult-register.el
    consult-xref.el -> consult-xref.el
    consult.el -> consult.el
Created consult-3.10.tar containing:
  consult-3.10/
  consult-3.10/consult-compile.el
  consult-3.10/consult-flymake.el
  consult-3.10/consult-imenu.el
  consult-3.10/consult-info.el
  consult-3.10/consult-kmacro.el
  consult-3.10/consult-org.el
  consult-3.10/consult-pkg.el
  consult-3.10/consult-register.el
  consult-3.10/consult-xref.el
  consult-3.10/consult.el
Built consult in 0.083s, finished at 2026-10-03T08:13:38+0000
