
 • Building package forge
From https://github.com/magit/forge
Checking out 7dc4855437315cb932cbc1d6a903f7d2de03ec5f
Copying files (->) and directories (=>)
  from /github/workspace/sources/forge/
  to /tmp/forge-qSWomH/forge-0.6.9/
  ! lisp/forge-bitbucket.el -> forge-bitbucket.el
  ! lisp/forge-client.el -> forge-client.el
  ! lisp/forge-commands.el -> forge-commands.el
  ! lisp/forge-core.el -> forge-core.el
  ! lisp/forge-db.el -> forge-db.el
  ! lisp/forge-discussion.el -> forge-discussion.el
  ! lisp/forge-forgejo.el -> forge-forgejo.el
  ! lisp/forge-gitea.el -> forge-gitea.el
  ! lisp/forge-github.el -> forge-github.el
  ! lisp/forge-gitlab.el -> forge-gitlab.el
  ! lisp/forge-gogs.el -> forge-gogs.el
  ! lisp/forge-issue.el -> forge-issue.el
  ! lisp/forge-notify.el -> forge-notify.el
  ! lisp/forge-post.el -> forge-post.el
  ! lisp/forge-pullreq.el -> forge-pullreq.el
  ! lisp/forge-repo.el -> forge-repo.el
  ! lisp/forge-repos.el -> forge-repos.el
  ! lisp/forge-revnote.el -> forge-revnote.el
  ! lisp/forge-semi.el -> forge-semi.el
  ! lisp/forge-tablist.el -> forge-tablist.el
  ! lisp/forge-topic.el -> forge-topic.el
  ! lisp/forge-topics.el -> forge-topics.el
  ! lisp/forge.el -> forge.el
  ! docs/forge.texi -> forge.texi
    .dir-locals.el -> .dir-locals.el
Generating forge.info
Created forge-0.6.9.tar containing:
  forge-0.6.9/
  forge-0.6.9/.dir-locals.el
  forge-0.6.9/dir
  forge-0.6.9/forge-bitbucket.el
  forge-0.6.9/forge-client.el
  forge-0.6.9/forge-commands.el
  forge-0.6.9/forge-core.el
  forge-0.6.9/forge-db.el
  forge-0.6.9/forge-discussion.el
  forge-0.6.9/forge-forgejo.el
  forge-0.6.9/forge-gitea.el
  forge-0.6.9/forge-github.el
  forge-0.6.9/forge-gitlab.el
  forge-0.6.9/forge-gogs.el
  forge-0.6.9/forge-issue.el
  forge-0.6.9/forge-notify.el
  forge-0.6.9/forge-pkg.el
  forge-0.6.9/forge-post.el
  forge-0.6.9/forge-pullreq.el
  forge-0.6.9/forge-repo.el
  forge-0.6.9/forge-repos.el
  forge-0.6.9/forge-revnote.el
  forge-0.6.9/forge-semi.el
  forge-0.6.9/forge-tablist.el
  forge-0.6.9/forge-topic.el
  forge-0.6.9/forge-topics.el
  forge-0.6.9/forge.el
  forge-0.6.9/forge.info
Built forge in 0.382s, finished at 2026-09-13T07:31:59+0000
