
 • Building package ghub
From https://github.com/magit/ghub
Checking out c282b2fcaa35ee871a465b79f7d8bdb5afaa50dd
Copying files (->) and directories (=>)
  from /github/workspace/sources/ghub/
  to /tmp/ghub-tpbxCU/ghub-5.3.2/
  ! lisp/ghub-graphql.el -> ghub-graphql.el
  ! lisp/ghub-legacy.el -> ghub-legacy.el
  ! lisp/ghub.el -> ghub.el
  ! lisp/gsexp.el -> gsexp.el
  ! docs/ghub.texi -> ghub.texi
    .dir-locals.el -> .dir-locals.el
Generating ghub.info
Created ghub-5.3.2.tar containing:
  ghub-5.3.2/
  ghub-5.3.2/.dir-locals.el
  ghub-5.3.2/dir
  ghub-5.3.2/ghub-graphql.el
  ghub-5.3.2/ghub-legacy.el
  ghub-5.3.2/ghub-pkg.el
  ghub-5.3.2/ghub.el
  ghub-5.3.2/ghub.info
  ghub-5.3.2/gsexp.el
Built ghub in 0.305s, finished at 2026-09-13T07:31:59+0000
